[INFO] Scanning for projects...
[WARNING] 
[WARNING] Some problems were encountered while building the effective model for com.houssam:config-service:jar:0.0.1-SNAPSHOT
[WARNING] 'build.plugins.plugin.version' for org.springframework.boot:spring-boot-maven-plugin is missing. @ line 46, column 12
[WARNING] 
[WARNING] Some problems were encountered while building the effective model for com.houssam:discovery-service:jar:0.0.1-SNAPSHOT
[WARNING] 'build.plugins.plugin.version' for org.springframework.boot:spring-boot-maven-plugin is missing. @ line 34, column 12
[WARNING] 
[WARNING] Some problems were encountered while building the effective model for com.houssam:gateway-service:jar:0.0.1-SNAPSHOT
[WARNING] 'build.plugins.plugin.version' for org.springframework.boot:spring-boot-maven-plugin is missing. @ line 46, column 12
[WARNING] 
[WARNING] Some problems were encountered while building the effective model for com.houssam:user-service:jar:0.0.1-SNAPSHOT
[WARNING] 'build.plugins.plugin.version' for org.springframework.boot:spring-boot-maven-plugin is missing. @ line 89, column 12
[WARNING] 
[WARNING] Some problems were encountered while building the effective model for com.houssam:video-service:jar:0.0.1-SNAPSHOT
[WARNING] 'build.plugins.plugin.version' for org.springframework.boot:spring-boot-maven-plugin is missing. @ line 65, column 12
[WARNING] 
[WARNING] It is highly recommended to fix these problems because they threaten the stability of your build.
[WARNING] 
[WARNING] For this reason, future Maven versions might no longer support building such malformed projects.
[WARNING] 
[INFO] 
[INFO] ----------------------< com.houssam:user-service >----------------------
[INFO] Building user-service 0.0.1-SNAPSHOT
[INFO]   from pom.xml
[INFO] --------------------------------[ jar ]---------------------------------
[INFO] 
[INFO] --- clean:3.2.0:clean (default-clean) @ user-service ---
[INFO] Deleting C:\Users\safiy\Desktop\JAVA\streamify\user-service\target
[INFO] 
[INFO] --- resources:3.3.1:resources (default-resources) @ user-service ---
[WARNING] Using platform encoding (Cp1252 actually) to copy filtered resources, i.e. build is platform dependent!
[INFO] Copying 1 resource from src\main\resources to target\classes
[INFO] 
[INFO] --- compiler:3.13.0:compile (default-compile) @ user-service ---
[INFO] Recompiling the module because of changed source code.
[WARNING] File encoding has not been set, using platform encoding windows-1252, i.e. build is platform dependent!
[INFO] Compiling 1 source file with javac [debug target 17] to target\classes
[INFO] -------------------------------------------------------------
[ERROR] COMPILATION ERROR : 
[INFO] -------------------------------------------------------------
[ERROR] /C:/Users/safiy/Desktop/JAVA/streamify/user-service/src/main/java/com/houssam/user_service/UserServiceApplication.java:[6,2] cannot find symbol
  symbol: class SpringBootApplication
[INFO] 1 error
[INFO] -------------------------------------------------------------
[INFO] ------------------------------------------------------------------------
[INFO] BUILD FAILURE
[INFO] ------------------------------------------------------------------------
[INFO] Total time:  5.959 s
[INFO] Finished at: 2026-03-03T15:32:30Z
[INFO] ------------------------------------------------------------------------
[ERROR] Failed to execute goal org.apache.maven.plugins:maven-compiler-plugin:3.13.0:compile (default-compile) on project user-service: Compilation failure
[ERROR] /C:/Users/safiy/Desktop/JAVA/streamify/user-service/src/main/java/com/houssam/user_service/UserServiceApplication.java:[6,2] cannot find symbol
[ERROR]   symbol: class SpringBootApplication
[ERROR] 
[ERROR] -> [Help 1]
[ERROR] 
[ERROR] To see the full stack trace of the errors, re-run Maven with the -e switch.
[ERROR] Re-run Maven using the -X switch to enable full debug logging.
[ERROR] 
[ERROR] For more information about the errors and possible solutions, please read the following articles:
[ERROR] [Help 1] http://cwiki.apache.org/confluence/display/MAVEN/MojoFailureException
